Copyright 1986-2022 Xilinx, Inc. All Rights Reserved. Copyright 2022-2023 Advanced Micro Devices, Inc. All Rights Reserved.
---------------------------------------------------------------------------------------------------------------------------------------------
| Tool Version : Vivado v.2023.2 (lin64) Build 4029153 Fri Oct 13 20:13:54 MDT 2023
| Date         : Wed Aug 19 13:41:47 2026
| Host         : epictetus running 64-bit unknown
| Command      : report_control_sets -verbose -file uart_top_control_sets_placed.rpt
| Design       : uart_top
| Device       : xc7z020
---------------------------------------------------------------------------------------------------------------------------------------------

Control Set Information

Table of Contents
-----------------
1. Summary
2. Histogram
3. Flip-Flop Distribution
4. Detailed Control Set Information

1. Summary
----------

+----------------------------------------------------------+-------+
|                          Status                          | Count |
+----------------------------------------------------------+-------+
| Total control sets                                       |    12 |
|    Minimum number of control sets                        |    12 |
|    Addition due to synthesis replication                 |     0 |
|    Addition due to physical synthesis replication        |     0 |
| Unused register locations in slices containing registers |    39 |
+----------------------------------------------------------+-------+
* Control sets can be merged at opt_design using control_set_merge or merge_equivalent_drivers
** Run report_qor_suggestions for automated merging and remapping suggestions


2. Histogram
------------

+--------------------+-------+
|       Fanout       | Count |
+--------------------+-------+
| Total control sets |    12 |
| >= 0 to < 4        |     2 |
| >= 4 to < 6        |     3 |
| >= 6 to < 8        |     0 |
| >= 8 to < 10       |     4 |
| >= 10 to < 12      |     0 |
| >= 12 to < 14      |     0 |
| >= 14 to < 16      |     0 |
| >= 16              |     3 |
+--------------------+-------+
* Control sets can be remapped at either synth_design or opt_design


3. Flip-Flop Distribution
-------------------------

+--------------+-----------------------+------------------------+-----------------+--------------+
| Clock Enable | Synchronous Set/Reset | Asynchronous Set/Reset | Total Registers | Total Slices |
+--------------+-----------------------+------------------------+-----------------+--------------+
| No           | No                    | No                     |               2 |            1 |
| No           | No                    | Yes                    |              17 |            7 |
| No           | Yes                   | No                     |               0 |            0 |
| Yes          | No                    | No                     |              16 |            4 |
| Yes          | No                    | Yes                    |              62 |           20 |
| Yes          | Yes                   | No                     |               0 |            0 |
+--------------+-----------------------+------------------------+-----------------+--------------+


4. Detailed Control Set Information
-----------------------------------

+----------------+------------------------------+------------------+------------------+----------------+--------------+
|  Clock Signal  |         Enable Signal        | Set/Reset Signal | Slice Load Count | Bel Load Count | Bels / Slice |
+----------------+------------------------------+------------------+------------------+----------------+--------------+
|  clk_IBUF_BUFG | u_tx/tx_i_1_n_0              | u_rx/rst_n       |                1 |              1 |         1.00 |
|  clk_IBUF_BUFG |                              |                  |                1 |              2 |         2.00 |
|  clk_IBUF_BUFG | u_tx/bit_idx[3]_i_1_n_0      | u_rx/rst_n       |                2 |              4 |         2.00 |
|  clk_IBUF_BUFG | u_tx/send_index__0           | u_rx/rst_n       |                1 |              4 |         4.00 |
|  clk_IBUF_BUFG | u_rx/bit_cnt[3]_i_1_n_0      | u_rx/rst_n       |                2 |              4 |         2.00 |
|  clk_IBUF_BUFG | u_tx/E[0]                    |                  |                3 |              8 |         2.67 |
|  clk_IBUF_BUFG | u_rx/E[0]                    |                  |                1 |              8 |         8.00 |
|  clk_IBUF_BUFG | u_rx/rx_data[7]_i_1_n_0      | u_rx/rst_n       |                1 |              8 |         8.00 |
|  clk_IBUF_BUFG | u_tx/tx1                     | u_rx/rst_n       |                2 |              9 |         4.50 |
|  clk_IBUF_BUFG | u_rx/baud_cnt[15]_i_1__0_n_0 | u_rx/rst_n       |                6 |             16 |         2.67 |
|  clk_IBUF_BUFG | u_tx/baud_cnt[15]_i_1_n_0    | u_rx/rst_n       |                5 |             16 |         3.20 |
|  clk_IBUF_BUFG |                              | u_rx/rst_n       |                7 |             17 |         2.43 |
+----------------+------------------------------+------------------+------------------+----------------+--------------+


