
*** Running vivado
    with args -log top.vdi -applog -m64 -product Vivado -messageDb vivado.pb -mode batch -source top.tcl -notrace


****** Vivado v2023.2 (64-bit)
  **** SW Build 4029153 on Fri Oct 13 20:13:54 MDT 2023
  **** IP Build 4028589 on Sat Oct 14 00:45:43 MDT 2023
  **** SharedData Build 4025554 on Tue Oct 10 17:18:54 MDT 2023
    ** Copyright 1986-2022 Xilinx, Inc. All Rights Reserved.
    ** Copyright 2022-2023 Advanced Micro Devices, Inc. All Rights Reserved.

source top.tcl -notrace
create_project: Time (s): cpu = 00:00:06 ; elapsed = 00:00:06 . Memory (MB): peak = 1315.457 ; gain = 0.023 ; free physical = 1782 ; free virtual = 16416
INFO: [IP_Flow 19-234] Refreshing IP repositories
INFO: [IP_Flow 19-1700] Loaded user IP repository '/projects/vivado-library'.
INFO: [IP_Flow 19-2313] Loaded Vivado IP repository '/opt/Xilinx/Vivado/2023.2/data/ip'.
Command: link_design -top top -part xc7z020clg484-1
Design is defaulting to srcset: sources_1
Design is defaulting to constrset: constrs_1
INFO: [Device 21-403] Loading part xc7z020clg484-1
INFO: [Project 1-454] Reading design checkpoint '/projects/11_HDMI/11_HDMI.gen/sources_1/ip/rgb2dvi_0/rgb2dvi_0.dcp' for cell 'u1'
INFO: [Project 1-454] Reading design checkpoint '/projects/11_HDMI/11_HDMI.gen/sources_1/ip/clk_wiz_0/clk_wiz_0.dcp' for cell 'u2'
Netlist sorting complete. Time (s): cpu = 00:00:00.01 ; elapsed = 00:00:00 . Memory (MB): peak = 1673.832 ; gain = 0.000 ; free physical = 1415 ; free virtual = 16048
INFO: [Netlist 29-17] Analyzing 5 Unisim elements for replacement
INFO: [Netlist 29-28] Unisim Transformation completed in 0 CPU seconds
INFO: [Project 1-479] Netlist was created with Vivado 2023.2
INFO: [Project 1-570] Preparing netlist for logic optimization
Parsing XDC File [/projects/11_HDMI/11_HDMI.gen/sources_1/ip/clk_wiz_0/clk_wiz_0_board.xdc] for cell 'u2/inst'
Finished Parsing XDC File [/projects/11_HDMI/11_HDMI.gen/sources_1/ip/clk_wiz_0/clk_wiz_0_board.xdc] for cell 'u2/inst'
Parsing XDC File [/projects/11_HDMI/11_HDMI.gen/sources_1/ip/clk_wiz_0/clk_wiz_0.xdc] for cell 'u2/inst'
INFO: [Timing 38-35] Done setting XDC timing constraints. [/projects/11_HDMI/11_HDMI.gen/sources_1/ip/clk_wiz_0/clk_wiz_0.xdc:54]
INFO: [Timing 38-2] Deriving generated clocks [/projects/11_HDMI/11_HDMI.gen/sources_1/ip/clk_wiz_0/clk_wiz_0.xdc:54]
get_clocks: Time (s): cpu = 00:00:05 ; elapsed = 00:00:05 . Memory (MB): peak = 2410.281 ; gain = 585.828 ; free physical = 891 ; free virtual = 15527
Finished Parsing XDC File [/projects/11_HDMI/11_HDMI.gen/sources_1/ip/clk_wiz_0/clk_wiz_0.xdc] for cell 'u2/inst'
Parsing XDC File [/projects/11_HDMI/11_HDMI.gen/sources_1/ip/rgb2dvi_0/src/rgb2dvi.xdc] for cell 'u1/U0'
Finished Parsing XDC File [/projects/11_HDMI/11_HDMI.gen/sources_1/ip/rgb2dvi_0/src/rgb2dvi.xdc] for cell 'u1/U0'
Parsing XDC File [/projects/11_HDMI/11_HDMI.srcs/constrs_1/new/HDMI.xdc]
Finished Parsing XDC File [/projects/11_HDMI/11_HDMI.srcs/constrs_1/new/HDMI.xdc]
Parsing XDC File [/projects/11_HDMI/11_HDMI.gen/sources_1/ip/rgb2dvi_0/src/rgb2dvi_clocks.xdc] for cell 'u1/U0'
Finished Parsing XDC File [/projects/11_HDMI/11_HDMI.gen/sources_1/ip/rgb2dvi_0/src/rgb2dvi_clocks.xdc] for cell 'u1/U0'
INFO: [Opt 31-138] Pushed 0 inverter(s) to 0 load pin(s).
Netlist sorting complete. Time (s): cpu = 00:00:00 ; elapsed = 00:00:00 . Memory (MB): peak = 2474.312 ; gain = 0.000 ; free physical = 892 ; free virtual = 15527
INFO: [Project 1-111] Unisim Transformation Summary:
No Unisim elements were transformed.

14 Infos, 0 Warnings, 0 Critical Warnings and 0 Errors encountered.
link_design completed successfully
link_design: Time (s): cpu = 00:00:10 ; elapsed = 00:00:10 . Memory (MB): peak = 2474.348 ; gain = 1158.891 ; free physical = 892 ; free virtual = 15527
Command: opt_design
Attempting to get a license for feature 'Implementation' and/or device 'xc7z020'
INFO: [Common 17-349] Got license for feature 'Implementation' and/or device 'xc7z020'
Running DRC as a precondition to command opt_design

Starting DRC Task
INFO: [DRC 23-27] Running DRC with 8 threads
INFO: [Project 1-461] DRC finished with 0 Errors
INFO: [Project 1-462] Please refer to the DRC report (report_drc) for more information.

Time (s): cpu = 00:00:01 ; elapsed = 00:00:00.65 . Memory (MB): peak = 2538.344 ; gain = 63.996 ; free physical = 885 ; free virtual = 15521

Starting Cache Timing Information Task
INFO: [Timing 38-35] Done setting XDC timing constraints.
Ending Cache Timing Information Task | Checksum: 19e639845

Time (s): cpu = 00:00:00.03 ; elapsed = 00:00:00.01 . Memory (MB): peak = 2538.344 ; gain = 0.000 ; free physical = 883 ; free virtual = 15519

Starting Logic Optimization Task

Phase 1 Initialization

Phase 1.1 Core Generation And Design Setup
Phase 1.1 Core Generation And Design Setup | Checksum: 19e639845

Time (s): cpu = 00:00:00 ; elapsed = 00:00:00 . Memory (MB): peak = 2816.953 ; gain = 0.000 ; free physical = 564 ; free virtual = 15200

Phase 1.2 Setup Constraints And Sort Netlist
Phase 1.2 Setup Constraints And Sort Netlist | Checksum: 19e639845

Time (s): cpu = 00:00:00 ; elapsed = 00:00:00 . Memory (MB): peak = 2816.953 ; gain = 0.000 ; free physical = 564 ; free virtual = 15200
Phase 1 Initialization | Checksum: 19e639845

Time (s): cpu = 00:00:00 ; elapsed = 00:00:00 . Memory (MB): peak = 2816.953 ; gain = 0.000 ; free physical = 564 ; free virtual = 15200

Phase 2 Timer Update And Timing Data Collection

Phase 2.1 Timer Update
Phase 2.1 Timer Update | Checksum: 19e639845

Time (s): cpu = 00:00:00.02 ; elapsed = 00:00:00.01 . Memory (MB): peak = 2816.953 ; gain = 0.000 ; free physical = 564 ; free virtual = 15200

Phase 2.2 Timing Data Collection
Phase 2.2 Timing Data Collection | Checksum: 19e639845

Time (s): cpu = 00:00:00.03 ; elapsed = 00:00:00.01 . Memory (MB): peak = 2816.953 ; gain = 0.000 ; free physical = 565 ; free virtual = 15200
Phase 2 Timer Update And Timing Data Collection | Checksum: 19e639845

Time (s): cpu = 00:00:00.03 ; elapsed = 00:00:00.01 . Memory (MB): peak = 2816.953 ; gain = 0.000 ; free physical = 565 ; free virtual = 15200

Phase 3 Retarget
INFO: [Opt 31-1566] Pulled 3 inverters resulting in an inversion of 26 pins
INFO: [Opt 31-138] Pushed 0 inverter(s) to 0 load pin(s).
INFO: [Opt 31-49] Retargeted 0 cell(s).
Phase 3 Retarget | Checksum: 20bcf84f5

Time (s): cpu = 00:00:00.08 ; elapsed = 00:00:00.03 . Memory (MB): peak = 2816.953 ; gain = 0.000 ; free physical = 565 ; free virtual = 15200
Retarget | Checksum: 20bcf84f5
INFO: [Opt 31-389] Phase Retarget created 12 cells and removed 28 cells
INFO: [Opt 31-1021] In phase Retarget, 1 netlist objects are constrained preventing optimization. Please run opt_design with -debug_log to get more detail. 

Phase 4 Constant propagation
INFO: [Opt 31-138] Pushed 3 inverter(s) to 20 load pin(s).
Phase 4 Constant propagation | Checksum: 22547da55

Time (s): cpu = 00:00:00.09 ; elapsed = 00:00:00.04 . Memory (MB): peak = 2816.953 ; gain = 0.000 ; free physical = 565 ; free virtual = 15200
Constant propagation | Checksum: 22547da55
INFO: [Opt 31-389] Phase Constant propagation created 6 cells and removed 33 cells

Phase 5 Sweep
Phase 5 Sweep | Checksum: 22668407e

Time (s): cpu = 00:00:00.1 ; elapsed = 00:00:00.04 . Memory (MB): peak = 2816.953 ; gain = 0.000 ; free physical = 565 ; free virtual = 15200
Sweep | Checksum: 22668407e
INFO: [Opt 31-389] Phase Sweep created 0 cells and removed 0 cells

Phase 6 BUFG optimization
Phase 6 BUFG optimization | Checksum: 22668407e

Time (s): cpu = 00:00:00.1 ; elapsed = 00:00:00.05 . Memory (MB): peak = 2816.953 ; gain = 0.000 ; free physical = 565 ; free virtual = 15201
BUFG optimization | Checksum: 22668407e
INFO: [Opt 31-662] Phase BUFG optimization created 0 cells of which 0 are BUFGs and removed 0 cells.

Phase 7 Shift Register Optimization
INFO: [Opt 31-1064] SRL Remap converted 0 SRLs to 0 registers and converted 0 registers of register chains to 0 SRLs
Phase 7 Shift Register Optimization | Checksum: 22668407e

Time (s): cpu = 00:00:00.1 ; elapsed = 00:00:00.05 . Memory (MB): peak = 2816.953 ; gain = 0.000 ; free physical = 565 ; free virtual = 15201
Shift Register Optimization | Checksum: 22668407e
INFO: [Opt 31-389] Phase Shift Register Optimization created 0 cells and removed 0 cells

Phase 8 Post Processing Netlist
Phase 8 Post Processing Netlist | Checksum: 22668407e

Time (s): cpu = 00:00:00.1 ; elapsed = 00:00:00.05 . Memory (MB): peak = 2816.953 ; gain = 0.000 ; free physical = 565 ; free virtual = 15201
Post Processing Netlist | Checksum: 22668407e
INFO: [Opt 31-389] Phase Post Processing Netlist created 0 cells and removed 0 cells

Phase 9 Finalization

Phase 9.1 Finalizing Design Cores and Updating Shapes
Phase 9.1 Finalizing Design Cores and Updating Shapes | Checksum: 1d6c96ccc

Time (s): cpu = 00:00:00.11 ; elapsed = 00:00:00.06 . Memory (MB): peak = 2816.953 ; gain = 0.000 ; free physical = 565 ; free virtual = 15201

Phase 9.2 Verifying Netlist Connectivity

Starting Connectivity Check Task

Time (s): cpu = 00:00:00 ; elapsed = 00:00:00 . Memory (MB): peak = 2816.953 ; gain = 0.000 ; free physical = 565 ; free virtual = 15201
Phase 9.2 Verifying Netlist Connectivity | Checksum: 1d6c96ccc

Time (s): cpu = 00:00:00.11 ; elapsed = 00:00:00.06 . Memory (MB): peak = 2816.953 ; gain = 0.000 ; free physical = 565 ; free virtual = 15201
Phase 9 Finalization | Checksum: 1d6c96ccc

Time (s): cpu = 00:00:00.11 ; elapsed = 00:00:00.06 . Memory (MB): peak = 2816.953 ; gain = 0.000 ; free physical = 565 ; free virtual = 15201
Opt_design Change Summary
=========================


-------------------------------------------------------------------------------------------------------------------------
|  Phase                        |  #Cells created  |  #Cells Removed  |  #Constrained objects preventing optimizations  |
-------------------------------------------------------------------------------------------------------------------------
|  Retarget                     |              12  |              28  |                                              1  |
|  Constant propagation         |               6  |              33  |                                              0  |
|  Sweep                        |               0  |               0  |                                              0  |
|  BUFG optimization            |               0  |               0  |                                              0  |
|  Shift Register Optimization  |               0  |               0  |                                              0  |
|  Post Processing Netlist      |               0  |               0  |                                              0  |
-------------------------------------------------------------------------------------------------------------------------


Ending Logic Optimization Task | Checksum: 1d6c96ccc

Time (s): cpu = 00:00:00.12 ; elapsed = 00:00:00.06 . Memory (MB): peak = 2816.953 ; gain = 0.000 ; free physical = 565 ; free virtual = 15201
INFO: [Constraints 18-11670] Building netlist checker database with flags, 0x8
Done building netlist checker database: Time (s): cpu = 00:00:00 ; elapsed = 00:00:00 . Memory (MB): peak = 2816.953 ; gain = 0.000 ; free physical = 565 ; free virtual = 15201

Starting Power Optimization Task
INFO: [Pwropt 34-132] Skipping clock gating for clocks with a period < 2.00 ns.
Ending Power Optimization Task | Checksum: 1d6c96ccc

Time (s): cpu = 00:00:00.01 ; elapsed = 00:00:00 . Memory (MB): peak = 2816.953 ; gain = 0.000 ; free physical = 565 ; free virtual = 15201

Starting Final Cleanup Task
Ending Final Cleanup Task | Checksum: 1d6c96ccc

Time (s): cpu = 00:00:00 ; elapsed = 00:00:00 . Memory (MB): peak = 2816.953 ; gain = 0.000 ; free physical = 565 ; free virtual = 15201

Starting Netlist Obfuscation Task
Netlist sorting complete. Time (s): cpu = 00:00:00 ; elapsed = 00:00:00 . Memory (MB): peak = 2816.953 ; gain = 0.000 ; free physical = 565 ; free virtual = 15201
Ending Netlist Obfuscation Task | Checksum: 1d6c96ccc

Time (s): cpu = 00:00:00 ; elapsed = 00:00:00 . Memory (MB): peak = 2816.953 ; gain = 0.000 ; free physical = 565 ; free virtual = 15201
INFO: [Common 17-83] Releasing license: Implementation
34 Infos, 0 Warnings, 0 Critical Warnings and 0 Errors encountered.
opt_design completed successfully
INFO: [runtcl-4] Executing : report_drc -file top_drc_opted.rpt -pb top_drc_opted.pb -rpx top_drc_opted.rpx
Command: report_drc -file top_drc_opted.rpt -pb top_drc_opted.pb -rpx top_drc_opted.rpx
INFO: [IP_Flow 19-1839] IP Catalog is up to date.
INFO: [DRC 23-27] Running DRC with 8 threads
INFO: [Vivado_Tcl 2-168] The results of DRC are in file /projects/11_HDMI/11_HDMI.runs/impl_1/top_drc_opted.rpt.
report_drc completed successfully
INFO: [Timing 38-35] Done setting XDC timing constraints.
INFO: [Timing 38-480] Writing timing data to binary archive.
Write ShapeDB Complete: Time (s): cpu = 00:00:00.01 ; elapsed = 00:00:00 . Memory (MB): peak = 2896.992 ; gain = 0.000 ; free physical = 563 ; free virtual = 15198
Wrote PlaceDB: Time (s): cpu = 00:00:00 ; elapsed = 00:00:00 . Memory (MB): peak = 2896.992 ; gain = 0.000 ; free physical = 563 ; free virtual = 15198
Wrote PulsedLatchDB: Time (s): cpu = 00:00:00 ; elapsed = 00:00:00 . Memory (MB): peak = 2896.992 ; gain = 0.000 ; free physical = 563 ; free virtual = 15198
Writing XDEF routing.
Writing XDEF routing logical nets.
Writing XDEF routing special nets.
Wrote RouteStorage: Time (s): cpu = 00:00:00.06 ; elapsed = 00:00:00.02 . Memory (MB): peak = 2896.992 ; gain = 0.000 ; free physical = 562 ; free virtual = 15198
Wrote Netlist Cache: Time (s): cpu = 00:00:00 ; elapsed = 00:00:00 . Memory (MB): peak = 2896.992 ; gain = 0.000 ; free physical = 562 ; free virtual = 15198
Wrote Device Cache: Time (s): cpu = 00:00:00.02 ; elapsed = 00:00:00.01 . Memory (MB): peak = 2896.992 ; gain = 0.000 ; free physical = 561 ; free virtual = 15197
Write Physdb Complete: Time (s): cpu = 00:00:00.08 ; elapsed = 00:00:00.03 . Memory (MB): peak = 2896.992 ; gain = 0.000 ; free physical = 558 ; free virtual = 15194
INFO: [Common 17-1381] The checkpoint '/projects/11_HDMI/11_HDMI.runs/impl_1/top_opt.dcp' has been generated.
Command: place_design
Attempting to get a license for feature 'Implementation' and/or device 'xc7z020'
INFO: [Common 17-349] Got license for feature 'Implementation' and/or device 'xc7z020'
INFO: [Common 17-83] Releasing license: Implementation
INFO: [DRC 23-27] Running DRC with 8 threads
INFO: [Vivado_Tcl 4-198] DRC finished with 0 Errors
INFO: [Vivado_Tcl 4-199] Please refer to the DRC report (report_drc) for more information.
Running DRC as a precondition to command place_design
INFO: [DRC 23-27] Running DRC with 8 threads
INFO: [Vivado_Tcl 4-198] DRC finished with 0 Errors
INFO: [Vivado_Tcl 4-199] Please refer to the DRC report (report_drc) for more information.
INFO: [Place 30-611] Multithreading enabled for place_design using a maximum of 8 CPUs

Starting Placer Task

Phase 1 Placer Initialization

Phase 1.1 Placer Initialization Netlist Sorting
Netlist sorting complete. Time (s): cpu = 00:00:00 ; elapsed = 00:00:00 . Memory (MB): peak = 2896.992 ; gain = 0.000 ; free physical = 552 ; free virtual = 15188
Phase 1.1 Placer Initialization Netlist Sorting | Checksum: f28d8dba

Time (s): cpu = 00:00:00 ; elapsed = 00:00:00 . Memory (MB): peak = 2896.992 ; gain = 0.000 ; free physical = 552 ; free virtual = 15188
Netlist sorting complete. Time (s): cpu = 00:00:00 ; elapsed = 00:00:00 . Memory (MB): peak = 2896.992 ; gain = 0.000 ; free physical = 552 ; free virtual = 15188

Phase 1.2 IO Placement/ Clock Placement/ Build Placer Device
Phase 1.2 IO Placement/ Clock Placement/ Build Placer Device | Checksum: 1ed8a1615

Time (s): cpu = 00:00:00.24 ; elapsed = 00:00:00.08 . Memory (MB): peak = 2896.992 ; gain = 0.000 ; free physical = 544 ; free virtual = 15180

Phase 1.3 Build Placer Netlist Model
Phase 1.3 Build Placer Netlist Model | Checksum: 2197c696b

Time (s): cpu = 00:00:00.41 ; elapsed = 00:00:00.17 . Memory (MB): peak = 2896.992 ; gain = 0.000 ; free physical = 544 ; free virtual = 15180

Phase 1.4 Constrain Clocks/Macros
Phase 1.4 Constrain Clocks/Macros | Checksum: 2197c696b

Time (s): cpu = 00:00:00.42 ; elapsed = 00:00:00.17 . Memory (MB): peak = 2896.992 ; gain = 0.000 ; free physical = 544 ; free virtual = 15180
Phase 1 Placer Initialization | Checksum: 2197c696b

Time (s): cpu = 00:00:00.43 ; elapsed = 00:00:00.17 . Memory (MB): peak = 2896.992 ; gain = 0.000 ; free physical = 542 ; free virtual = 15178

Phase 2 Global Placement

Phase 2.1 Floorplanning
Phase 2.1 Floorplanning | Checksum: 24b0aa252

Time (s): cpu = 00:00:00.56 ; elapsed = 00:00:00.21 . Memory (MB): peak = 2896.992 ; gain = 0.000 ; free physical = 526 ; free virtual = 15162

Phase 2.2 Update Timing before SLR Path Opt
Phase 2.2 Update Timing before SLR Path Opt | Checksum: 2b2ef3a16

Time (s): cpu = 00:00:00.62 ; elapsed = 00:00:00.23 . Memory (MB): peak = 2896.992 ; gain = 0.000 ; free physical = 526 ; free virtual = 15162

Phase 2.3 Post-Processing in Floorplanning
Phase 2.3 Post-Processing in Floorplanning | Checksum: 2b2ef3a16

Time (s): cpu = 00:00:00.62 ; elapsed = 00:00:00.23 . Memory (MB): peak = 2896.992 ; gain = 0.000 ; free physical = 526 ; free virtual = 15162

Phase 2.4 Global Placement Core

Phase 2.4.1 UpdateTiming Before Physical Synthesis
Phase 2.4.1 UpdateTiming Before Physical Synthesis | Checksum: 2705efcd3

Time (s): cpu = 00:00:02 ; elapsed = 00:00:00.72 . Memory (MB): peak = 2896.992 ; gain = 0.000 ; free physical = 485 ; free virtual = 15121

Phase 2.4.2 Physical Synthesis In Placer
INFO: [Physopt 32-1035] Found 0 LUTNM shape to break, 2 LUT instances to create LUTNM shape
INFO: [Physopt 32-1044] Break lutnm for timing: one critical 0, two critical 0, total 0, new lutff created 0
INFO: [Physopt 32-1138] End 1 Pass. Optimized 1 net or LUT. Breaked 0 LUT, combined 1 existing LUT and moved 0 existing LUT
INFO: [Physopt 32-65] No nets found for high-fanout optimization.
INFO: [Physopt 32-232] Optimized 0 net. Created 0 new instance.
INFO: [Physopt 32-775] End 1 Pass. Optimized 0 net or cell. Created 0 new cell, deleted 0 existing cell and moved 0 existing cell
INFO: [Physopt 32-670] No setup violation found.  DSP Register Optimization was not performed.
INFO: [Physopt 32-670] No setup violation found.  Shift Register to Pipeline Optimization was not performed.
INFO: [Physopt 32-670] No setup violation found.  Shift Register Optimization was not performed.
INFO: [Physopt 32-670] No setup violation found.  BRAM Register Optimization was not performed.
INFO: [Physopt 32-670] No setup violation found.  URAM Register Optimization was not performed.
INFO: [Physopt 32-949] No candidate nets found for dynamic/static region interface net replication
INFO: [Physopt 32-775] End 1 Pass. Optimized 0 net or cell. Created 0 new cell, deleted 0 existing cell and moved 0 existing cell
Netlist sorting complete. Time (s): cpu = 00:00:00 ; elapsed = 00:00:00 . Memory (MB): peak = 2896.992 ; gain = 0.000 ; free physical = 483 ; free virtual = 15119

Summary of Physical Synthesis Optimizations
============================================


-----------------------------------------------------------------------------------------------------------------------------------------------------------
|  Optimization                                     |  Added Cells  |  Removed Cells  |  Optimized Cells/Nets  |  Dont Touch  |  Iterations  |  Elapsed   |
-----------------------------------------------------------------------------------------------------------------------------------------------------------
|  LUT Combining                                    |            0  |              1  |                     1  |           0  |           1  |  00:00:00  |
|  Retime                                           |            0  |              0  |                     0  |           0  |           1  |  00:00:00  |
|  Very High Fanout                                 |            0  |              0  |                     0  |           0  |           1  |  00:00:00  |
|  DSP Register                                     |            0  |              0  |                     0  |           0  |           0  |  00:00:00  |
|  Shift Register to Pipeline                       |            0  |              0  |                     0  |           0  |           0  |  00:00:00  |
|  Shift Register                                   |            0  |              0  |                     0  |           0  |           0  |  00:00:00  |
|  BRAM Register                                    |            0  |              0  |                     0  |           0  |           0  |  00:00:00  |
|  URAM Register                                    |            0  |              0  |                     0  |           0  |           0  |  00:00:00  |
|  Dynamic/Static Region Interface Net Replication  |            0  |              0  |                     0  |           0  |           1  |  00:00:00  |
|  Total                                            |            0  |              1  |                     1  |           0  |           4  |  00:00:00  |
-----------------------------------------------------------------------------------------------------------------------------------------------------------


Phase 2.4.2 Physical Synthesis In Placer | Checksum: 1dec9b927

Time (s): cpu = 00:00:03 ; elapsed = 00:00:00.98 . Memory (MB): peak = 2896.992 ; gain = 0.000 ; free physical = 483 ; free virtual = 15119
Phase 2.4 Global Placement Core | Checksum: 1a8ba2bc0

Time (s): cpu = 00:00:03 ; elapsed = 00:00:01 . Memory (MB): peak = 2896.992 ; gain = 0.000 ; free physical = 483 ; free virtual = 15119
Phase 2 Global Placement | Checksum: 1a8ba2bc0

Time (s): cpu = 00:00:03 ; elapsed = 00:00:01 . Memory (MB): peak = 2896.992 ; gain = 0.000 ; free physical = 483 ; free virtual = 15119

Phase 3 Detail Placement

Phase 3.1 Commit Multi Column Macros
Phase 3.1 Commit Multi Column Macros | Checksum: 18879957e

Time (s): cpu = 00:00:03 ; elapsed = 00:00:01 . Memory (MB): peak = 2896.992 ; gain = 0.000 ; free physical = 483 ; free virtual = 15119

Phase 3.2 Commit Most Macros & LUTRAMs
Phase 3.2 Commit Most Macros & LUTRAMs | Checksum: 1b2e41ca7

Time (s): cpu = 00:00:03 ; elapsed = 00:00:01 . Memory (MB): peak = 2896.992 ; gain = 0.000 ; free physical = 483 ; free virtual = 15119

Phase 3.3 Area Swap Optimization
Phase 3.3 Area Swap Optimization | Checksum: 21b824f41

Time (s): cpu = 00:00:03 ; elapsed = 00:00:01 . Memory (MB): peak = 2896.992 ; gain = 0.000 ; free physical = 483 ; free virtual = 15119

Phase 3.4 Pipeline Register Optimization
Phase 3.4 Pipeline Register Optimization | Checksum: 201b25716

Time (s): cpu = 00:00:03 ; elapsed = 00:00:01 . Memory (MB): peak = 2896.992 ; gain = 0.000 ; free physical = 483 ; free virtual = 15119

Phase 3.5 Small Shape Detail Placement
Phase 3.5 Small Shape Detail Placement | Checksum: 12ef1debc

Time (s): cpu = 00:00:04 ; elapsed = 00:00:01 . Memory (MB): peak = 2896.992 ; gain = 0.000 ; free physical = 481 ; free virtual = 15117

Phase 3.6 Re-assign LUT pins
Phase 3.6 Re-assign LUT pins | Checksum: 11e444467

Time (s): cpu = 00:00:04 ; elapsed = 00:00:01 . Memory (MB): peak = 2896.992 ; gain = 0.000 ; free physical = 481 ; free virtual = 15117

Phase 3.7 Pipeline Register Optimization
Phase 3.7 Pipeline Register Optimization | Checksum: 15f9c217c

Time (s): cpu = 00:00:04 ; elapsed = 00:00:01 . Memory (MB): peak = 2896.992 ; gain = 0.000 ; free physical = 481 ; free virtual = 15117
Phase 3 Detail Placement | Checksum: 15f9c217c

Time (s): cpu = 00:00:04 ; elapsed = 00:00:01 . Memory (MB): peak = 2896.992 ; gain = 0.000 ; free physical = 481 ; free virtual = 15117

Phase 4 Post Placement Optimization and Clean-Up

Phase 4.1 Post Commit Optimization
INFO: [Timing 38-35] Done setting XDC timing constraints.

Phase 4.1.1 Post Placement Optimization
Post Placement Optimization Initialization | Checksum: 1601e7e49

Phase 4.1.1.1 BUFG Insertion

Starting Physical Synthesis Task

Phase 1 Physical Synthesis Initialization
INFO: [Physopt 32-721] Multithreading enabled for phys_opt_design using a maximum of 8 CPUs
INFO: [Physopt 32-619] Estimated Timing Summary | WNS=20.267 | TNS=0.000 |
Phase 1 Physical Synthesis Initialization | Checksum: 214d9e0e4

Time (s): cpu = 00:00:00.05 ; elapsed = 00:00:00.02 . Memory (MB): peak = 2896.992 ; gain = 0.000 ; free physical = 479 ; free virtual = 15115
INFO: [Place 46-56] BUFG insertion identified 0 candidate nets. Inserted BUFG: 0, Replicated BUFG Driver: 0, Skipped due to Placement/Routing Conflicts: 0, Skipped due to Timing Degradation: 0, Skipped due to netlist editing failed: 0.
Ending Physical Synthesis Task | Checksum: 214d9e0e4

Time (s): cpu = 00:00:00.05 ; elapsed = 00:00:00.02 . Memory (MB): peak = 2896.992 ; gain = 0.000 ; free physical = 479 ; free virtual = 15115
Phase 4.1.1.1 BUFG Insertion | Checksum: 1601e7e49

Time (s): cpu = 00:00:04 ; elapsed = 00:00:01 . Memory (MB): peak = 2896.992 ; gain = 0.000 ; free physical = 479 ; free virtual = 15115

Phase 4.1.1.2 Post Placement Timing Optimization
INFO: [Place 30-746] Post Placement Timing Summary WNS=20.267. For the most accurate timing information please run report_timing.
Phase 4.1.1.2 Post Placement Timing Optimization | Checksum: 21453b021

Time (s): cpu = 00:00:04 ; elapsed = 00:00:01 . Memory (MB): peak = 2896.992 ; gain = 0.000 ; free physical = 479 ; free virtual = 15115

Time (s): cpu = 00:00:04 ; elapsed = 00:00:01 . Memory (MB): peak = 2896.992 ; gain = 0.000 ; free physical = 479 ; free virtual = 15115
Phase 4.1 Post Commit Optimization | Checksum: 21453b021

Time (s): cpu = 00:00:04 ; elapsed = 00:00:01 . Memory (MB): peak = 2896.992 ; gain = 0.000 ; free physical = 479 ; free virtual = 15115

Phase 4.2 Post Placement Cleanup
Phase 4.2 Post Placement Cleanup | Checksum: 21453b021

Time (s): cpu = 00:00:04 ; elapsed = 00:00:01 . Memory (MB): peak = 2896.992 ; gain = 0.000 ; free physical = 479 ; free virtual = 15115

Phase 4.3 Placer Reporting

Phase 4.3.1 Print Estimated Congestion
INFO: [Place 30-612] Post-Placement Estimated Congestion 
 ____________________________________________________
|           | Global Congestion | Short Congestion  |
| Direction | Region Size       | Region Size       |
|___________|___________________|___________________|
|      North|                1x1|                1x1|
|___________|___________________|___________________|
|      South|                1x1|                1x1|
|___________|___________________|___________________|
|       East|                1x1|                1x1|
|___________|___________________|___________________|
|       West|                1x1|                1x1|
|___________|___________________|___________________|

Phase 4.3.1 Print Estimated Congestion | Checksum: 21453b021

Time (s): cpu = 00:00:04 ; elapsed = 00:00:01 . Memory (MB): peak = 2896.992 ; gain = 0.000 ; free physical = 479 ; free virtual = 15115
Phase 4.3 Placer Reporting | Checksum: 21453b021

Time (s): cpu = 00:00:04 ; elapsed = 00:00:01 . Memory (MB): peak = 2896.992 ; gain = 0.000 ; free physical = 479 ; free virtual = 15115

Phase 4.4 Final Placement Cleanup
Netlist sorting complete. Time (s): cpu = 00:00:00 ; elapsed = 00:00:00 . Memory (MB): peak = 2896.992 ; gain = 0.000 ; free physical = 479 ; free virtual = 15115

Time (s): cpu = 00:00:04 ; elapsed = 00:00:01 . Memory (MB): peak = 2896.992 ; gain = 0.000 ; free physical = 479 ; free virtual = 15115
Phase 4 Post Placement Optimization and Clean-Up | Checksum: 1e352ada6

Time (s): cpu = 00:00:04 ; elapsed = 00:00:01 . Memory (MB): peak = 2896.992 ; gain = 0.000 ; free physical = 479 ; free virtual = 15115
Ending Placer Task | Checksum: ff9cff57

Time (s): cpu = 00:00:04 ; elapsed = 00:00:01 . Memory (MB): peak = 2896.992 ; gain = 0.000 ; free physical = 479 ; free virtual = 15115
69 Infos, 0 Warnings, 0 Critical Warnings and 0 Errors encountered.
place_design completed successfully
INFO: [runtcl-4] Executing : report_io -file top_io_placed.rpt
report_io: Time (s): cpu = 00:00:00.09 ; elapsed = 00:00:00.08 . Memory (MB): peak = 2896.992 ; gain = 0.000 ; free physical = 478 ; free virtual = 15114
INFO: [runtcl-4] Executing : report_utilization -file top_utilization_placed.rpt -pb top_utilization_placed.pb
INFO: [runtcl-4] Executing : report_control_sets -verbose -file top_control_sets_placed.rpt
report_control_sets: Time (s): cpu = 00:00:00 ; elapsed = 00:00:00 . Memory (MB): peak = 2896.992 ; gain = 0.000 ; free physical = 478 ; free virtual = 15114
INFO: [Timing 38-480] Writing timing data to binary archive.
Write ShapeDB Complete: Time (s): cpu = 00:00:00 ; elapsed = 00:00:00 . Memory (MB): peak = 2896.992 ; gain = 0.000 ; free physical = 478 ; free virtual = 15114
Wrote PlaceDB: Time (s): cpu = 00:00:00.06 ; elapsed = 00:00:00.02 . Memory (MB): peak = 2896.992 ; gain = 0.000 ; free physical = 478 ; free virtual = 15114
Wrote PulsedLatchDB: Time (s): cpu = 00:00:00 ; elapsed = 00:00:00 . Memory (MB): peak = 2896.992 ; gain = 0.000 ; free physical = 478 ; free virtual = 15114
Writing XDEF routing.
Writing XDEF routing logical nets.
Writing XDEF routing special nets.
Wrote RouteStorage: Time (s): cpu = 00:00:00.04 ; elapsed = 00:00:00.02 . Memory (MB): peak = 2896.992 ; gain = 0.000 ; free physical = 478 ; free virtual = 15114
Wrote Netlist Cache: Time (s): cpu = 00:00:00 ; elapsed = 00:00:00 . Memory (MB): peak = 2896.992 ; gain = 0.000 ; free physical = 477 ; free virtual = 15114
Wrote Device Cache: Time (s): cpu = 00:00:00.01 ; elapsed = 00:00:00 . Memory (MB): peak = 2896.992 ; gain = 0.000 ; free physical = 476 ; free virtual = 15114
Write Physdb Complete: Time (s): cpu = 00:00:00.11 ; elapsed = 00:00:00.04 . Memory (MB): peak = 2896.992 ; gain = 0.000 ; free physical = 476 ; free virtual = 15114
INFO: [Common 17-1381] The checkpoint '/projects/11_HDMI/11_HDMI.runs/impl_1/top_placed.dcp' has been generated.
Command: phys_opt_design
Attempting to get a license for feature 'Implementation' and/or device 'xc7z020'
INFO: [Common 17-349] Got license for feature 'Implementation' and/or device 'xc7z020'

Starting Initial Update Timing Task

Time (s): cpu = 00:00:00.07 ; elapsed = 00:00:00.05 . Memory (MB): peak = 2896.992 ; gain = 0.000 ; free physical = 471 ; free virtual = 15108
INFO: [Vivado_Tcl 4-383] Design worst setup slack (WNS) is greater than or equal to 0.000 ns. Skipping all physical synthesis optimizations.
INFO: [Vivado_Tcl 4-232] No setup violation found. The netlist was not modified.
INFO: [Common 17-83] Releasing license: Implementation
78 Infos, 0 Warnings, 0 Critical Warnings and 0 Errors encountered.
phys_opt_design completed successfully
INFO: [Timing 38-480] Writing timing data to binary archive.
Write ShapeDB Complete: Time (s): cpu = 00:00:00.01 ; elapsed = 00:00:00 . Memory (MB): peak = 2896.992 ; gain = 0.000 ; free physical = 471 ; free virtual = 15108
Wrote PlaceDB: Time (s): cpu = 00:00:00.05 ; elapsed = 00:00:00.01 . Memory (MB): peak = 2896.992 ; gain = 0.000 ; free physical = 470 ; free virtual = 15107
Wrote PulsedLatchDB: Time (s): cpu = 00:00:00 ; elapsed = 00:00:00 . Memory (MB): peak = 2896.992 ; gain = 0.000 ; free physical = 470 ; free virtual = 15107
Writing XDEF routing.
Writing XDEF routing logical nets.
Writing XDEF routing special nets.
Wrote RouteStorage: Time (s): cpu = 00:00:00.04 ; elapsed = 00:00:00.02 . Memory (MB): peak = 2896.992 ; gain = 0.000 ; free physical = 468 ; free virtual = 15105
Wrote Netlist Cache: Time (s): cpu = 00:00:00 ; elapsed = 00:00:00 . Memory (MB): peak = 2896.992 ; gain = 0.000 ; free physical = 468 ; free virtual = 15105
Wrote Device Cache: Time (s): cpu = 00:00:00.01 ; elapsed = 00:00:00.01 . Memory (MB): peak = 2896.992 ; gain = 0.000 ; free physical = 468 ; free virtual = 15106
Write Physdb Complete: Time (s): cpu = 00:00:00.11 ; elapsed = 00:00:00.04 . Memory (MB): peak = 2896.992 ; gain = 0.000 ; free physical = 468 ; free virtual = 15106
INFO: [Common 17-1381] The checkpoint '/projects/11_HDMI/11_HDMI.runs/impl_1/top_physopt.dcp' has been generated.
Command: route_design
Attempting to get a license for feature 'Implementation' and/or device 'xc7z020'
INFO: [Common 17-349] Got license for feature 'Implementation' and/or device 'xc7z020'
Running DRC as a precondition to command route_design
INFO: [DRC 23-27] Running DRC with 8 threads
INFO: [Vivado_Tcl 4-198] DRC finished with 0 Errors
INFO: [Vivado_Tcl 4-199] Please refer to the DRC report (report_drc) for more information.


Starting Routing Task
INFO: [Route 35-254] Multithreading enabled for route_design using a maximum of 8 CPUs

Phase 1 Build RT Design
Checksum: PlaceDB: 7eac7a5c ConstDB: 0 ShapeSum: 80f084fb RouteDB: 0
Post Restoration Checksum: NetGraph: 6ac214b2 | NumContArr: cd128a0a | Constraints: c2a8fa9d | Timing: c2a8fa9d
Phase 1 Build RT Design | Checksum: 2bd2693f6

Time (s): cpu = 00:00:21 ; elapsed = 00:00:18 . Memory (MB): peak = 2982.441 ; gain = 70.945 ; free physical = 353 ; free virtual = 14990

Phase 2 Router Initialization

Phase 2.1 Fix Topology Constraints
Phase 2.1 Fix Topology Constraints | Checksum: 2bd2693f6

Time (s): cpu = 00:00:21 ; elapsed = 00:00:18 . Memory (MB): peak = 2982.441 ; gain = 70.945 ; free physical = 345 ; free virtual = 14982

Phase 2.2 Pre Route Cleanup
Phase 2.2 Pre Route Cleanup | Checksum: 2bd2693f6

Time (s): cpu = 00:00:21 ; elapsed = 00:00:18 . Memory (MB): peak = 2982.441 ; gain = 70.945 ; free physical = 345 ; free virtual = 14982
 Number of Nodes with overlaps = 0

Phase 2.3 Update Timing
Phase 2.3 Update Timing | Checksum: 2a74d1982

Time (s): cpu = 00:00:22 ; elapsed = 00:00:19 . Memory (MB): peak = 3011.457 ; gain = 99.961 ; free physical = 456 ; free virtual = 15093
INFO: [Route 35-416] Intermediate Timing Summary | WNS=20.212 | TNS=0.000  | WHS=-0.469 | THS=-7.147 |


Router Utilization Summary
  Global Vertical Routing Utilization    = 0 %
  Global Horizontal Routing Utilization  = 0 %
  Routable Net Status*
  *Does not include unroutable nets such as driverless and loadless.
  Run report_route_status for detailed report.
  Number of Failed Nets               = 316
    (Failed Nets is the sum of unrouted and partially routed nets)
  Number of Unrouted Nets             = 316
  Number of Partially Routed Nets     = 0
  Number of Node Overlaps             = 0

Phase 2 Router Initialization | Checksum: 2d3572608

Time (s): cpu = 00:00:22 ; elapsed = 00:00:19 . Memory (MB): peak = 3016.168 ; gain = 104.672 ; free physical = 447 ; free virtual = 15084

Phase 3 Initial Routing

Phase 3.1 Global Routing
Phase 3.1 Global Routing | Checksum: 2d3572608

Time (s): cpu = 00:00:22 ; elapsed = 00:00:19 . Memory (MB): peak = 3016.168 ; gain = 104.672 ; free physical = 447 ; free virtual = 15084

Phase 3.2 Initial Net Routing
Phase 3.2 Initial Net Routing | Checksum: 2faa87714

Time (s): cpu = 00:00:23 ; elapsed = 00:00:19 . Memory (MB): peak = 3016.168 ; gain = 104.672 ; free physical = 439 ; free virtual = 15076
Phase 3 Initial Routing | Checksum: 2faa87714

Time (s): cpu = 00:00:23 ; elapsed = 00:00:19 . Memory (MB): peak = 3016.168 ; gain = 104.672 ; free physical = 439 ; free virtual = 15076

Phase 4 Rip-up And Reroute

Phase 4.1 Global Iteration 0
 Number of Nodes with overlaps = 17
 Number of Nodes with overlaps = 0
INFO: [Route 35-416] Intermediate Timing Summary | WNS=20.263 | TNS=0.000  | WHS=N/A    | THS=N/A    |

Phase 4.1 Global Iteration 0 | Checksum: 2bee3e6d3

Time (s): cpu = 00:00:23 ; elapsed = 00:00:19 . Memory (MB): peak = 3016.168 ; gain = 104.672 ; free physical = 429 ; free virtual = 15066

Phase 4.2 Global Iteration 1
 Number of Nodes with overlaps = 1
 Number of Nodes with overlaps = 0
INFO: [Route 35-416] Intermediate Timing Summary | WNS=20.263 | TNS=0.000  | WHS=N/A    | THS=N/A    |

Phase 4.2 Global Iteration 1 | Checksum: 2b05ae125

Time (s): cpu = 00:00:23 ; elapsed = 00:00:19 . Memory (MB): peak = 3016.168 ; gain = 104.672 ; free physical = 419 ; free virtual = 15056
Phase 4 Rip-up And Reroute | Checksum: 2b05ae125

Time (s): cpu = 00:00:23 ; elapsed = 00:00:19 . Memory (MB): peak = 3016.168 ; gain = 104.672 ; free physical = 419 ; free virtual = 15056

Phase 5 Delay and Skew Optimization

Phase 5.1 Delay CleanUp
Phase 5.1 Delay CleanUp | Checksum: 2b05ae125

Time (s): cpu = 00:00:23 ; elapsed = 00:00:19 . Memory (MB): peak = 3016.168 ; gain = 104.672 ; free physical = 419 ; free virtual = 15056

Phase 5.2 Clock Skew Optimization
Phase 5.2 Clock Skew Optimization | Checksum: 2b05ae125

Time (s): cpu = 00:00:23 ; elapsed = 00:00:19 . Memory (MB): peak = 3016.168 ; gain = 104.672 ; free physical = 419 ; free virtual = 15056
Phase 5 Delay and Skew Optimization | Checksum: 2b05ae125

Time (s): cpu = 00:00:23 ; elapsed = 00:00:19 . Memory (MB): peak = 3016.168 ; gain = 104.672 ; free physical = 419 ; free virtual = 15056

Phase 6 Post Hold Fix

Phase 6.1 Hold Fix Iter

Phase 6.1.1 Update Timing
Phase 6.1.1 Update Timing | Checksum: 3252f5af3

Time (s): cpu = 00:00:23 ; elapsed = 00:00:19 . Memory (MB): peak = 3016.168 ; gain = 104.672 ; free physical = 419 ; free virtual = 15056
INFO: [Route 35-416] Intermediate Timing Summary | WNS=20.418 | TNS=0.000  | WHS=0.110  | THS=0.000  |

Phase 6.1 Hold Fix Iter | Checksum: 3252f5af3

Time (s): cpu = 00:00:23 ; elapsed = 00:00:19 . Memory (MB): peak = 3016.168 ; gain = 104.672 ; free physical = 419 ; free virtual = 15056
Phase 6 Post Hold Fix | Checksum: 3252f5af3

Time (s): cpu = 00:00:23 ; elapsed = 00:00:19 . Memory (MB): peak = 3016.168 ; gain = 104.672 ; free physical = 419 ; free virtual = 15056

Phase 7 Route finalize

Router Utilization Summary
  Global Vertical Routing Utilization    = 0.0248524 %
  Global Horizontal Routing Utilization  = 0.0310176 %
  Routable Net Status*
  *Does not include unroutable nets such as driverless and loadless.
  Run report_route_status for detailed report.
  Number of Failed Nets               = 0
    (Failed Nets is the sum of unrouted and partially routed nets)
  Number of Unrouted Nets             = 0
  Number of Partially Routed Nets     = 0
  Number of Node Overlaps             = 0

Phase 7 Route finalize | Checksum: 3252f5af3

Time (s): cpu = 00:00:23 ; elapsed = 00:00:19 . Memory (MB): peak = 3016.168 ; gain = 104.672 ; free physical = 419 ; free virtual = 15056

Phase 8 Verifying routed nets

 Verification completed successfully
Phase 8 Verifying routed nets | Checksum: 3252f5af3

Time (s): cpu = 00:00:23 ; elapsed = 00:00:19 . Memory (MB): peak = 3016.168 ; gain = 104.672 ; free physical = 419 ; free virtual = 15056

Phase 9 Depositing Routes
Phase 9 Depositing Routes | Checksum: 2570d177f

Time (s): cpu = 00:00:23 ; elapsed = 00:00:19 . Memory (MB): peak = 3016.168 ; gain = 104.672 ; free physical = 419 ; free virtual = 15056

Phase 10 Post Router Timing
INFO: [Route 35-57] Estimated Timing Summary | WNS=20.418 | TNS=0.000  | WHS=0.110  | THS=0.000  |

INFO: [Route 35-327] The final timing numbers are based on the router estimated timing analysis. For a complete and accurate timing signoff, please run report_timing_summary.
Phase 10 Post Router Timing | Checksum: 2570d177f

Time (s): cpu = 00:00:23 ; elapsed = 00:00:19 . Memory (MB): peak = 3016.168 ; gain = 104.672 ; free physical = 419 ; free virtual = 15056
INFO: [Route 35-16] Router Completed Successfully

Phase 11 Post-Route Event Processing
Phase 11 Post-Route Event Processing | Checksum: f1e20c28

Time (s): cpu = 00:00:23 ; elapsed = 00:00:19 . Memory (MB): peak = 3016.168 ; gain = 104.672 ; free physical = 419 ; free virtual = 15056
Ending Routing Task | Checksum: f1e20c28

Time (s): cpu = 00:00:23 ; elapsed = 00:00:19 . Memory (MB): peak = 3016.168 ; gain = 104.672 ; free physical = 419 ; free virtual = 15056

Routing Is Done.
INFO: [Common 17-83] Releasing license: Implementation
93 Infos, 0 Warnings, 0 Critical Warnings and 0 Errors encountered.
route_design completed successfully
route_design: Time (s): cpu = 00:00:24 ; elapsed = 00:00:20 . Memory (MB): peak = 3016.168 ; gain = 119.176 ; free physical = 408 ; free virtual = 15045
INFO: [runtcl-4] Executing : report_drc -file top_drc_routed.rpt -pb top_drc_routed.pb -rpx top_drc_routed.rpx
Command: report_drc -file top_drc_routed.rpt -pb top_drc_routed.pb -rpx top_drc_routed.rpx
INFO: [IP_Flow 19-1839] IP Catalog is up to date.
INFO: [DRC 23-27] Running DRC with 8 threads
INFO: [Vivado_Tcl 2-168] The results of DRC are in file /projects/11_HDMI/11_HDMI.runs/impl_1/top_drc_routed.rpt.
report_drc completed successfully
INFO: [runtcl-4] Executing : report_methodology -file top_methodology_drc_routed.rpt -pb top_methodology_drc_routed.pb -rpx top_methodology_drc_routed.rpx
Command: report_methodology -file top_methodology_drc_routed.rpt -pb top_methodology_drc_routed.pb -rpx top_methodology_drc_routed.rpx
INFO: [Timing 38-35] Done setting XDC timing constraints.
INFO: [DRC 23-133] Running Methodology with 8 threads
INFO: [Vivado_Tcl 2-1520] The results of Report Methodology are in file /projects/11_HDMI/11_HDMI.runs/impl_1/top_methodology_drc_routed.rpt.
report_methodology completed successfully
INFO: [runtcl-4] Executing : report_power -file top_power_routed.rpt -pb top_power_summary_routed.pb -rpx top_power_routed.rpx
Command: report_power -file top_power_routed.rpt -pb top_power_summary_routed.pb -rpx top_power_routed.rpx
INFO: [Timing 38-35] Done setting XDC timing constraints.
Running Vector-less Activity Propagation...

Finished Running Vector-less Activity Propagation
103 Infos, 0 Warnings, 0 Critical Warnings and 0 Errors encountered.
report_power completed successfully
INFO: [runtcl-4] Executing : report_route_status -file top_route_status.rpt -pb top_route_status.pb
INFO: [runtcl-4] Executing : report_timing_summary -max_paths 10 -report_unconstrained -file top_timing_summary_routed.rpt -pb top_timing_summary_routed.pb -rpx top_timing_summary_routed.rpx -warn_on_violation 
INFO: [Timing 38-91] UpdateTimingParams: Speed grade: -1, Delay Type: min_max.
INFO: [Timing 38-191] Multithreading enabled for timing update using a maximum of 8 CPUs
INFO: [runtcl-4] Executing : report_incremental_reuse -file top_incremental_reuse_routed.rpt
INFO: [Vivado_Tcl 4-1062] Incremental flow is disabled. No incremental reuse Info to report.
INFO: [runtcl-4] Executing : report_clock_utilization -file top_clock_utilization_routed.rpt
INFO: [runtcl-4] Executing : report_bus_skew -warn_on_violation -file top_bus_skew_routed.rpt -pb top_bus_skew_routed.pb -rpx top_bus_skew_routed.rpx
INFO: [Timing 38-91] UpdateTimingParams: Speed grade: -1, Delay Type: min_max.
INFO: [Timing 38-191] Multithreading enabled for timing update using a maximum of 8 CPUs
INFO: [Timing 38-480] Writing timing data to binary archive.
Write ShapeDB Complete: Time (s): cpu = 00:00:00.01 ; elapsed = 00:00:00 . Memory (MB): peak = 3112.148 ; gain = 0.000 ; free physical = 385 ; free virtual = 15023
Wrote PlaceDB: Time (s): cpu = 00:00:00.06 ; elapsed = 00:00:00.01 . Memory (MB): peak = 3112.148 ; gain = 0.000 ; free physical = 385 ; free virtual = 15023
Wrote PulsedLatchDB: Time (s): cpu = 00:00:00 ; elapsed = 00:00:00 . Memory (MB): peak = 3112.148 ; gain = 0.000 ; free physical = 385 ; free virtual = 15023
Writing XDEF routing.
Writing XDEF routing logical nets.
Writing XDEF routing special nets.
Wrote RouteStorage: Time (s): cpu = 00:00:00.04 ; elapsed = 00:00:00.02 . Memory (MB): peak = 3112.148 ; gain = 0.000 ; free physical = 430 ; free virtual = 15068
Wrote Netlist Cache: Time (s): cpu = 00:00:00 ; elapsed = 00:00:00 . Memory (MB): peak = 3112.148 ; gain = 0.000 ; free physical = 430 ; free virtual = 15068
Wrote Device Cache: Time (s): cpu = 00:00:00.01 ; elapsed = 00:00:00.01 . Memory (MB): peak = 3112.148 ; gain = 0.000 ; free physical = 428 ; free virtual = 15067
Write Physdb Complete: Time (s): cpu = 00:00:00.11 ; elapsed = 00:00:00.04 . Memory (MB): peak = 3112.148 ; gain = 0.000 ; free physical = 428 ; free virtual = 15067
INFO: [Common 17-1381] The checkpoint '/projects/11_HDMI/11_HDMI.runs/impl_1/top_routed.dcp' has been generated.
Command: write_bitstream -force top.bit
Attempting to get a license for feature 'Implementation' and/or device 'xc7z020'
INFO: [Common 17-349] Got license for feature 'Implementation' and/or device 'xc7z020'
Running DRC as a precondition to command write_bitstream
INFO: [IP_Flow 19-1839] IP Catalog is up to date.
INFO: [DRC 23-27] Running DRC with 8 threads
WARNING: [DRC ZPS7-1] PS7 block required: The PS7 cell must be used in this Zynq design in order to enable correct default configuration.
INFO: [Vivado 12-3199] DRC finished with 0 Errors, 1 Warnings
INFO: [Vivado 12-3200] Please refer to the DRC report (report_drc) for more information.
INFO: [Designutils 20-2272] Running write_bitstream with 8 threads.
Loading data files...
Loading site data...
Loading route data...
Processing options...
Creating bitmap...
Creating bitstream...
Writing bitstream ./top.bit...
INFO: [Vivado 12-1842] Bitgen Completed Successfully.
INFO: [Project 1-1876] WebTalk data collection is mandatory when using a ULT device. To see the specific WebTalk data collected for your design, open the usage_statistics_webtalk.html or usage_statistics_webtalk.xml file in the implementation directory.
INFO: [Common 17-83] Releasing license: Implementation
14 Infos, 1 Warnings, 0 Critical Warnings and 0 Errors encountered.
write_bitstream completed successfully
write_bitstream: Time (s): cpu = 00:00:08 ; elapsed = 00:00:07 . Memory (MB): peak = 3346.848 ; gain = 234.699 ; free physical = 253 ; free virtual = 14710
INFO: [Common 17-206] Exiting Vivado at Wed Aug 19 13:15:53 2026...

*** Running vivado
    with args -log top.vdi -applog -m64 -product Vivado -messageDb vivado.pb -mode batch -source top.tcl -notrace


****** Vivado v2023.2 (64-bit)
  **** SW Build 4029153 on Fri Oct 13 20:13:54 MDT 2023
  **** IP Build 4028589 on Sat Oct 14 00:45:43 MDT 2023
  **** SharedData Build 4025554 on Tue Oct 10 17:18:54 MDT 2023
    ** Copyright 1986-2022 Xilinx, Inc. All Rights Reserved.
    ** Copyright 2022-2023 Advanced Micro Devices, Inc. All Rights Reserved.

source top.tcl -notrace
Command: open_checkpoint top_routed.dcp
INFO: [Device 21-403] Loading part xc7z020clg484-1
Netlist sorting complete. Time (s): cpu = 00:00:00.01 ; elapsed = 00:00:00 . Memory (MB): peak = 1638.438 ; gain = 0.000 ; free physical = 1712 ; free virtual = 16166
INFO: [Netlist 29-17] Analyzing 5 Unisim elements for replacement
INFO: [Netlist 29-28] Unisim Transformation completed in 0 CPU seconds
INFO: [Project 1-479] Netlist was created with Vivado 2023.2
INFO: [Project 1-570] Preparing netlist for logic optimization
Read ShapeDB Complete: Time (s): cpu = 00:00:00.01 ; elapsed = 00:00:00 . Memory (MB): peak = 1706.188 ; gain = 0.000 ; free physical = 1640 ; free virtual = 16094
INFO: [Timing 38-478] Restoring timing data from binary archive.
INFO: [Timing 38-479] Binary timing data restore complete.
INFO: [Project 1-856] Restoring constraints from binary archive.
INFO: [Project 1-853] Binary constraint restore complete.
INFO: [Designutils 20-5722] Start Reading Physical Databases.
Reading placement.
Read Netlist Cache: Time (s): cpu = 00:00:00 ; elapsed = 00:00:00 . Memory (MB): peak = 2325.430 ; gain = 0.000 ; free physical = 1081 ; free virtual = 15535
Reading placer database...
Read Device Cache: Time (s): cpu = 00:00:00 ; elapsed = 00:00:00.01 . Memory (MB): peak = 2325.430 ; gain = 0.000 ; free physical = 1081 ; free virtual = 15535
Read PlaceDB: Time (s): cpu = 00:00:00.01 ; elapsed = 00:00:00.01 . Memory (MB): peak = 2325.430 ; gain = 0.000 ; free physical = 1081 ; free virtual = 15535
Read PulsedLatchDB: Time (s): cpu = 00:00:00 ; elapsed = 00:00:00 . Memory (MB): peak = 2325.430 ; gain = 0.000 ; free physical = 1081 ; free virtual = 15535
Reading routing.
Read RouteStorage: Time (s): cpu = 00:00:00.01 ; elapsed = 00:00:00.02 . Memory (MB): peak = 2325.430 ; gain = 0.000 ; free physical = 1081 ; free virtual = 15535
Read Physdb Files: Time (s): cpu = 00:00:00.03 ; elapsed = 00:00:00.04 . Memory (MB): peak = 2325.430 ; gain = 0.000 ; free physical = 1081 ; free virtual = 15535
Restored from archive | CPU: 0.070000 secs | Memory: 1.457542 MB |
Finished XDEF File Restore: Time (s): cpu = 00:00:00.06 ; elapsed = 00:00:00.07 . Memory (MB): peak = 2325.430 ; gain = 6.938 ; free physical = 1081 ; free virtual = 15535
Netlist sorting complete. Time (s): cpu = 00:00:00 ; elapsed = 00:00:00 . Memory (MB): peak = 2325.430 ; gain = 0.000 ; free physical = 1081 ; free virtual = 15535
INFO: [Project 1-111] Unisim Transformation Summary:
No Unisim elements were transformed.

INFO: [Project 1-604] Checkpoint was created with Vivado v2023.2 (64-bit) build 4029153
open_checkpoint: Time (s): cpu = 00:00:16 ; elapsed = 00:00:16 . Memory (MB): peak = 2325.465 ; gain = 1059.363 ; free physical = 1081 ; free virtual = 15535
Command: write_bitstream -force top.bit
Attempting to get a license for feature 'Implementation' and/or device 'xc7z020'
INFO: [Common 17-349] Got license for feature 'Implementation' and/or device 'xc7z020'
Running DRC as a precondition to command write_bitstream
INFO: [IP_Flow 19-234] Refreshing IP repositories
INFO: [IP_Flow 19-1704] No user IP repositories specified
INFO: [IP_Flow 19-2313] Loaded Vivado IP repository '/opt/Xilinx/Vivado/2023.2/data/ip'.
INFO: [DRC 23-27] Running DRC with 8 threads
WARNING: [DRC ZPS7-1] PS7 block required: The PS7 cell must be used in this Zynq design in order to enable correct default configuration.
INFO: [Vivado 12-3199] DRC finished with 0 Errors, 1 Warnings
INFO: [Vivado 12-3200] Please refer to the DRC report (report_drc) for more information.
INFO: [Designutils 20-2272] Running write_bitstream with 8 threads.
Loading data files...
Loading site data...
Loading route data...
Processing options...
Creating bitmap...
Creating bitstream...
Writing bitstream ./top.bit...
INFO: [Vivado 12-1842] Bitgen Completed Successfully.
INFO: [Project 1-1876] WebTalk data collection is mandatory when using a ULT device. To see the specific WebTalk data collected for your design, open the usage_statistics_webtalk.html or usage_statistics_webtalk.xml file in the implementation directory.
INFO: [Common 17-83] Releasing license: Implementation
23 Infos, 1 Warnings, 0 Critical Warnings and 0 Errors encountered.
write_bitstream completed successfully
write_bitstream: Time (s): cpu = 00:00:08 ; elapsed = 00:00:07 . Memory (MB): peak = 2860.926 ; gain = 535.461 ; free physical = 628 ; free virtual = 15086
INFO: [Common 17-206] Exiting Vivado at Wed Aug 19 13:16:59 2026...
