Copyright 1986-2022 Xilinx, Inc. All Rights Reserved. Copyright 2022-2023 Advanced Micro Devices, Inc. All Rights Reserved.
------------------------------------------------------------------------------------------------------------------------------------------------------------------------------------------------------
| Tool Version : Vivado v.2023.2 (lin64) Build 4029153 Fri Oct 13 20:13:54 MDT 2023
| Date         : Sun Aug 16 09:49:35 2026
| Host         : epictetus running 64-bit unknown
| Command      : report_timing_summary -max_paths 10 -report_unconstrained -file LED_timing_summary_routed.rpt -pb LED_timing_summary_routed.pb -rpx LED_timing_summary_routed.rpx -warn_on_violation
| Design       : LED
| Device       : 7z020-clg484
| Speed File   : -1  PRODUCTION 1.12 2019-11-22
| Design State : Routed
------------------------------------------------------------------------------------------------------------------------------------------------------------------------------------------------------

Timing Summary Report

------------------------------------------------------------------------------------------------
| Timer Settings
| --------------
------------------------------------------------------------------------------------------------

  Enable Multi Corner Analysis               :  Yes
  Enable Pessimism Removal                   :  Yes
  Pessimism Removal Resolution               :  Nearest Common Node
  Enable Input Delay Default Clock           :  No
  Enable Preset / Clear Arcs                 :  No
  Disable Flight Delays                      :  No
  Ignore I/O Paths                           :  No
  Timing Early Launch at Borrowing Latches   :  No
  Borrow Time for Max Delay Exceptions       :  Yes
  Merge Timing Exceptions                    :  Yes
  Inter-SLR Compensation                     :  Conservative

  Corner  Analyze    Analyze    
  Name    Max Paths  Min Paths  
  ------  ---------  ---------  
  Slow    Yes        Yes        
  Fast    Yes        Yes        


------------------------------------------------------------------------------------------------
| Report Methodology
| ------------------
------------------------------------------------------------------------------------------------

Rule       Severity          Description                  Violations  
---------  ----------------  ---------------------------  ----------  
TIMING-17  Critical Warning  Non-clocked sequential cell  24          

Note: This report is based on the most recent report_methodology run and may not be up-to-date. Run report_methodology on the current design for the latest report.



check_timing report

Table of Contents
-----------------
1. checking no_clock (24)
2. checking constant_clock (0)
3. checking pulse_width_clock (0)
4. checking unconstrained_internal_endpoints (48)
5. checking no_input_delay (1)
6. checking no_output_delay (2)
7. checking multiple_clock (0)
8. checking generated_clocks (0)
9. checking loops (0)
10. checking partial_input_delay (0)
11. checking partial_output_delay (0)
12. checking latch_loops (0)

1. checking no_clock (24)
-------------------------
 There are 24 register/latch pins with no clock driven by root clock pin: CLK (HIGH)


2. checking constant_clock (0)
------------------------------
 There are 0 register/latch pins with constant_clock.


3. checking pulse_width_clock (0)
---------------------------------
 There are 0 register/latch pins which need pulse_width check


4. checking unconstrained_internal_endpoints (48)
-------------------------------------------------
 There are 48 pins that are not constrained for maximum delay. (HIGH)

 There are 0 pins that are not constrained for maximum delay due to constant clock.


5. checking no_input_delay (1)
------------------------------
 There is 1 input port with no input delay specified. (HIGH)

 There are 0 input ports with no input delay but user has a false path constraint.


6. checking no_output_delay (2)
-------------------------------
 There are 2 ports with no output delay specified. (HIGH)

 There are 0 ports with no output delay but user has a false path constraint

 There are 0 ports with no output delay but with a timing clock defined on it or propagating through it


7. checking multiple_clock (0)
------------------------------
 There are 0 register/latch pins with multiple clocks.


8. checking generated_clocks (0)
--------------------------------
 There are 0 generated clocks that are not connected to a clock source.


9. checking loops (0)
---------------------
 There are 0 combinational loops in the design.


10. checking partial_input_delay (0)
------------------------------------
 There are 0 input ports with partial input delay specified.


11. checking partial_output_delay (0)
-------------------------------------
 There are 0 ports with partial output delay specified.


12. checking latch_loops (0)
----------------------------
 There are 0 combinational latch loops in the design through latch input



------------------------------------------------------------------------------------------------
| Design Timing Summary
| ---------------------
------------------------------------------------------------------------------------------------

    WNS(ns)      TNS(ns)  TNS Failing Endpoints  TNS Total Endpoints      WHS(ns)      THS(ns)  THS Failing Endpoints  THS Total Endpoints     WPWS(ns)     TPWS(ns)  TPWS Failing Endpoints  TPWS Total Endpoints  
    -------      -------  ---------------------  -------------------      -------      -------  ---------------------  -------------------     --------     --------  ----------------------  --------------------  
        inf        0.000                      0                   50          inf        0.000                      0                   50           NA           NA                      NA                    NA  


There are no user specified timing constraints.


------------------------------------------------------------------------------------------------
| Clock Summary
| -------------
------------------------------------------------------------------------------------------------


------------------------------------------------------------------------------------------------
| Intra Clock Table
| -----------------
------------------------------------------------------------------------------------------------

Clock             WNS(ns)      TNS(ns)  TNS Failing Endpoints  TNS Total Endpoints      WHS(ns)      THS(ns)  THS Failing Endpoints  THS Total Endpoints     WPWS(ns)     TPWS(ns)  TPWS Failing Endpoints  TPWS Total Endpoints  
-----             -------      -------  ---------------------  -------------------      -------      -------  ---------------------  -------------------     --------     --------  ----------------------  --------------------  


------------------------------------------------------------------------------------------------
| Inter Clock Table
| -----------------
------------------------------------------------------------------------------------------------

From Clock    To Clock          WNS(ns)      TNS(ns)  TNS Failing Endpoints  TNS Total Endpoints      WHS(ns)      THS(ns)  THS Failing Endpoints  THS Total Endpoints  
----------    --------          -------      -------  ---------------------  -------------------      -------      -------  ---------------------  -------------------  


------------------------------------------------------------------------------------------------
| Other Path Groups Table
| -----------------------
------------------------------------------------------------------------------------------------

Path Group    From Clock    To Clock          WNS(ns)      TNS(ns)  TNS Failing Endpoints  TNS Total Endpoints      WHS(ns)      THS(ns)  THS Failing Endpoints  THS Total Endpoints  
----------    ----------    --------          -------      -------  ---------------------  -------------------      -------      -------  ---------------------  -------------------  


------------------------------------------------------------------------------------------------
| User Ignored Path Table
| -----------------------
------------------------------------------------------------------------------------------------

Path Group    From Clock    To Clock    
----------    ----------    --------    


------------------------------------------------------------------------------------------------
| Unconstrained Path Table
| ------------------------
------------------------------------------------------------------------------------------------

Path Group    From Clock    To Clock    
----------    ----------    --------    
(none)                                    


------------------------------------------------------------------------------------------------
| Timing Details
| --------------
------------------------------------------------------------------------------------------------


--------------------------------------------------------------------------------------
Path Group:  (none)
From Clock:  
  To Clock:  

Max Delay            50 Endpoints
Min Delay            50 Endpoints
--------------------------------------------------------------------------------------


Max Delay Paths
--------------------------------------------------------------------------------------
Slack:                    inf
  Source:                 led_state_reg[0]/C
                            (rising edge-triggered cell FDCE)
  Destination:            LED1
                            (output port)
  Path Group:             (none)
  Path Type:              Max at Slow Process Corner
  Data Path Delay:        6.612ns  (logic 4.405ns (66.619%)  route 2.207ns (33.381%))
  Logic Levels:           3  (FDCE=1 LUT1=1 OBUF=1)

    Location             Delay type                Incr(ns)  Path(ns)    Netlist Resource(s)
  -------------------------------------------------------------------    -------------------
    SLICE_X112Y63        FDCE                         0.000     0.000 r  led_state_reg[0]/C
    SLICE_X112Y63        FDCE (Prop_fdce_C_Q)         0.518     0.518 f  led_state_reg[0]/Q
                         net (fo=3, routed)           0.533     1.051    LED2_OBUF
    SLICE_X112Y63        LUT1 (Prop_lut1_I0_O)        0.148     1.199 r  LED1_OBUF_inst_i_1/O
                         net (fo=1, routed)           1.674     2.873    LED1_OBUF
    P20                  OBUF (Prop_obuf_I_O)         3.739     6.612 r  LED1_OBUF_inst/O
                         net (fo=0)                   0.000     6.612    LED1
    P20                                                               r  LED1 (OUT)
  -------------------------------------------------------------------    -------------------

Slack:                    inf
  Source:                 led_state_reg[0]/C
                            (rising edge-triggered cell FDCE)
  Destination:            LED2
                            (output port)
  Path Group:             (none)
  Path Type:              Max at Slow Process Corner
  Data Path Delay:        5.715ns  (logic 4.038ns (70.664%)  route 1.676ns (29.336%))
  Logic Levels:           2  (FDCE=1 OBUF=1)

    Location             Delay type                Incr(ns)  Path(ns)    Netlist Resource(s)
  -------------------------------------------------------------------    -------------------
    SLICE_X112Y63        FDCE                         0.000     0.000 r  led_state_reg[0]/C
    SLICE_X112Y63        FDCE (Prop_fdce_C_Q)         0.518     0.518 r  led_state_reg[0]/Q
                         net (fo=3, routed)           1.676     2.194    LED2_OBUF
    P21                  OBUF (Prop_obuf_I_O)         3.520     5.715 r  LED2_OBUF_inst/O
                         net (fo=0)                   0.000     5.715    LED2
    P21                                                               r  LED2 (OUT)
  -------------------------------------------------------------------    -------------------

Slack:                    inf
  Source:                 RSTn
                            (input port)
  Destination:            time_count_reg[10]/CLR
  Path Group:             (none)
  Path Type:              Max at Slow Process Corner
  Data Path Delay:        4.543ns  (logic 1.577ns (34.720%)  route 2.966ns (65.280%))
  Logic Levels:           2  (IBUF=1 LUT1=1)

    Location             Delay type                Incr(ns)  Path(ns)    Netlist Resource(s)
  -------------------------------------------------------------------    -------------------
    K21                                               0.000     0.000 r  RSTn (IN)
                         net (fo=0)                   0.000     0.000    RSTn
    K21                  IBUF (Prop_ibuf_I_O)         1.453     1.453 r  RSTn_IBUF_inst/O
                         net (fo=1, routed)           1.527     2.980    RSTn_IBUF
    SLICE_X112Y69        LUT1 (Prop_lut1_I0_O)        0.124     3.104 f  time_count[22]_i_2/O
                         net (fo=24, routed)          1.438     4.543    time_count[22]_i_2_n_0
    SLICE_X109Y64        FDCE                                         f  time_count_reg[10]/CLR
  -------------------------------------------------------------------    -------------------

Slack:                    inf
  Source:                 RSTn
                            (input port)
  Destination:            time_count_reg[11]/CLR
  Path Group:             (none)
  Path Type:              Max at Slow Process Corner
  Data Path Delay:        4.543ns  (logic 1.577ns (34.720%)  route 2.966ns (65.280%))
  Logic Levels:           2  (IBUF=1 LUT1=1)

    Location             Delay type                Incr(ns)  Path(ns)    Netlist Resource(s)
  -------------------------------------------------------------------    -------------------
    K21                                               0.000     0.000 r  RSTn (IN)
                         net (fo=0)                   0.000     0.000    RSTn
    K21                  IBUF (Prop_ibuf_I_O)         1.453     1.453 r  RSTn_IBUF_inst/O
                         net (fo=1, routed)           1.527     2.980    RSTn_IBUF
    SLICE_X112Y69        LUT1 (Prop_lut1_I0_O)        0.124     3.104 f  time_count[22]_i_2/O
                         net (fo=24, routed)          1.438     4.543    time_count[22]_i_2_n_0
    SLICE_X109Y64        FDCE                                         f  time_count_reg[11]/CLR
  -------------------------------------------------------------------    -------------------

Slack:                    inf
  Source:                 RSTn
                            (input port)
  Destination:            time_count_reg[12]/CLR
  Path Group:             (none)
  Path Type:              Max at Slow Process Corner
  Data Path Delay:        4.543ns  (logic 1.577ns (34.720%)  route 2.966ns (65.280%))
  Logic Levels:           2  (IBUF=1 LUT1=1)

    Location             Delay type                Incr(ns)  Path(ns)    Netlist Resource(s)
  -------------------------------------------------------------------    -------------------
    K21                                               0.000     0.000 r  RSTn (IN)
                         net (fo=0)                   0.000     0.000    RSTn
    K21                  IBUF (Prop_ibuf_I_O)         1.453     1.453 r  RSTn_IBUF_inst/O
                         net (fo=1, routed)           1.527     2.980    RSTn_IBUF
    SLICE_X112Y69        LUT1 (Prop_lut1_I0_O)        0.124     3.104 f  time_count[22]_i_2/O
                         net (fo=24, routed)          1.438     4.543    time_count[22]_i_2_n_0
    SLICE_X109Y64        FDCE                                         f  time_count_reg[12]/CLR
  -------------------------------------------------------------------    -------------------

Slack:                    inf
  Source:                 RSTn
                            (input port)
  Destination:            time_count_reg[18]/CLR
  Path Group:             (none)
  Path Type:              Max at Slow Process Corner
  Data Path Delay:        4.534ns  (logic 1.577ns (34.789%)  route 2.957ns (65.211%))
  Logic Levels:           2  (IBUF=1 LUT1=1)

    Location             Delay type                Incr(ns)  Path(ns)    Netlist Resource(s)
  -------------------------------------------------------------------    -------------------
    K21                                               0.000     0.000 r  RSTn (IN)
                         net (fo=0)                   0.000     0.000    RSTn
    K21                  IBUF (Prop_ibuf_I_O)         1.453     1.453 r  RSTn_IBUF_inst/O
                         net (fo=1, routed)           1.527     2.980    RSTn_IBUF
    SLICE_X112Y69        LUT1 (Prop_lut1_I0_O)        0.124     3.104 f  time_count[22]_i_2/O
                         net (fo=24, routed)          1.429     4.534    time_count[22]_i_2_n_0
    SLICE_X109Y66        FDCE                                         f  time_count_reg[18]/CLR
  -------------------------------------------------------------------    -------------------

Slack:                    inf
  Source:                 RSTn
                            (input port)
  Destination:            time_count_reg[19]/CLR
  Path Group:             (none)
  Path Type:              Max at Slow Process Corner
  Data Path Delay:        4.534ns  (logic 1.577ns (34.789%)  route 2.957ns (65.211%))
  Logic Levels:           2  (IBUF=1 LUT1=1)

    Location             Delay type                Incr(ns)  Path(ns)    Netlist Resource(s)
  -------------------------------------------------------------------    -------------------
    K21                                               0.000     0.000 r  RSTn (IN)
                         net (fo=0)                   0.000     0.000    RSTn
    K21                  IBUF (Prop_ibuf_I_O)         1.453     1.453 r  RSTn_IBUF_inst/O
                         net (fo=1, routed)           1.527     2.980    RSTn_IBUF
    SLICE_X112Y69        LUT1 (Prop_lut1_I0_O)        0.124     3.104 f  time_count[22]_i_2/O
                         net (fo=24, routed)          1.429     4.534    time_count[22]_i_2_n_0
    SLICE_X109Y66        FDCE                                         f  time_count_reg[19]/CLR
  -------------------------------------------------------------------    -------------------

Slack:                    inf
  Source:                 RSTn
                            (input port)
  Destination:            time_count_reg[22]/CLR
  Path Group:             (none)
  Path Type:              Max at Slow Process Corner
  Data Path Delay:        4.534ns  (logic 1.577ns (34.789%)  route 2.957ns (65.211%))
  Logic Levels:           2  (IBUF=1 LUT1=1)

    Location             Delay type                Incr(ns)  Path(ns)    Netlist Resource(s)
  -------------------------------------------------------------------    -------------------
    K21                                               0.000     0.000 r  RSTn (IN)
                         net (fo=0)                   0.000     0.000    RSTn
    K21                  IBUF (Prop_ibuf_I_O)         1.453     1.453 r  RSTn_IBUF_inst/O
                         net (fo=1, routed)           1.527     2.980    RSTn_IBUF
    SLICE_X112Y69        LUT1 (Prop_lut1_I0_O)        0.124     3.104 f  time_count[22]_i_2/O
                         net (fo=24, routed)          1.429     4.534    time_count[22]_i_2_n_0
    SLICE_X109Y66        FDCE                                         f  time_count_reg[22]/CLR
  -------------------------------------------------------------------    -------------------

Slack:                    inf
  Source:                 RSTn
                            (input port)
  Destination:            time_count_reg[0]/CLR
  Path Group:             (none)
  Path Type:              Max at Slow Process Corner
  Data Path Delay:        4.390ns  (logic 1.577ns (35.932%)  route 2.812ns (64.068%))
  Logic Levels:           2  (IBUF=1 LUT1=1)

    Location             Delay type                Incr(ns)  Path(ns)    Netlist Resource(s)
  -------------------------------------------------------------------    -------------------
    K21                                               0.000     0.000 r  RSTn (IN)
                         net (fo=0)                   0.000     0.000    RSTn
    K21                  IBUF (Prop_ibuf_I_O)         1.453     1.453 r  RSTn_IBUF_inst/O
                         net (fo=1, routed)           1.527     2.980    RSTn_IBUF
    SLICE_X112Y69        LUT1 (Prop_lut1_I0_O)        0.124     3.104 f  time_count[22]_i_2/O
                         net (fo=24, routed)          1.285     4.390    time_count[22]_i_2_n_0
    SLICE_X109Y62        FDCE                                         f  time_count_reg[0]/CLR
  -------------------------------------------------------------------    -------------------

Slack:                    inf
  Source:                 RSTn
                            (input port)
  Destination:            time_count_reg[3]/CLR
  Path Group:             (none)
  Path Type:              Max at Slow Process Corner
  Data Path Delay:        4.390ns  (logic 1.577ns (35.932%)  route 2.812ns (64.068%))
  Logic Levels:           2  (IBUF=1 LUT1=1)

    Location             Delay type                Incr(ns)  Path(ns)    Netlist Resource(s)
  -------------------------------------------------------------------    -------------------
    K21                                               0.000     0.000 r  RSTn (IN)
                         net (fo=0)                   0.000     0.000    RSTn
    K21                  IBUF (Prop_ibuf_I_O)         1.453     1.453 r  RSTn_IBUF_inst/O
                         net (fo=1, routed)           1.527     2.980    RSTn_IBUF
    SLICE_X112Y69        LUT1 (Prop_lut1_I0_O)        0.124     3.104 f  time_count[22]_i_2/O
                         net (fo=24, routed)          1.285     4.390    time_count[22]_i_2_n_0
    SLICE_X109Y62        FDCE                                         f  time_count_reg[3]/CLR
  -------------------------------------------------------------------    -------------------





Min Delay Paths
--------------------------------------------------------------------------------------
Slack:                    inf
  Source:                 time_count_reg[22]/C
                            (rising edge-triggered cell FDCE)
  Destination:            time_count_reg[13]/D
  Path Group:             (none)
  Path Type:              Min at Fast Process Corner
  Data Path Delay:        0.366ns  (logic 0.186ns (50.802%)  route 0.180ns (49.198%))
  Logic Levels:           2  (FDCE=1 LUT6=1)

    Location             Delay type                Incr(ns)  Path(ns)    Netlist Resource(s)
  -------------------------------------------------------------------    -------------------
    SLICE_X109Y66        FDCE                         0.000     0.000 r  time_count_reg[22]/C
    SLICE_X109Y66        FDCE (Prop_fdce_C_Q)         0.141     0.141 f  time_count_reg[22]/Q
                         net (fo=25, routed)          0.180     0.321    time_count[22]
    SLICE_X109Y65        LUT6 (Prop_lut6_I5_O)        0.045     0.366 r  time_count[13]_i_1/O
                         net (fo=1, routed)           0.000     0.366    p_0_in[13]
    SLICE_X109Y65        FDCE                                         r  time_count_reg[13]/D
  -------------------------------------------------------------------    -------------------

Slack:                    inf
  Source:                 led_state_reg[0]/C
                            (rising edge-triggered cell FDCE)
  Destination:            led_state_reg[0]/D
  Path Group:             (none)
  Path Type:              Min at Fast Process Corner
  Data Path Delay:        0.384ns  (logic 0.209ns (54.384%)  route 0.175ns (45.616%))
  Logic Levels:           2  (FDCE=1 LUT5=1)

    Location             Delay type                Incr(ns)  Path(ns)    Netlist Resource(s)
  -------------------------------------------------------------------    -------------------
    SLICE_X112Y63        FDCE                         0.000     0.000 r  led_state_reg[0]/C
    SLICE_X112Y63        FDCE (Prop_fdce_C_Q)         0.164     0.164 r  led_state_reg[0]/Q
                         net (fo=3, routed)           0.175     0.339    LED2_OBUF
    SLICE_X112Y63        LUT5 (Prop_lut5_I4_O)        0.045     0.384 r  led_state[0]_i_1/O
                         net (fo=1, routed)           0.000     0.384    led_state[0]_i_1_n_0
    SLICE_X112Y63        FDCE                                         r  led_state_reg[0]/D
  -------------------------------------------------------------------    -------------------

Slack:                    inf
  Source:                 time_count_reg[0]/C
                            (rising edge-triggered cell FDCE)
  Destination:            time_count_reg[0]/D
  Path Group:             (none)
  Path Type:              Min at Fast Process Corner
  Data Path Delay:        0.417ns  (logic 0.186ns (44.579%)  route 0.231ns (55.421%))
  Logic Levels:           2  (FDCE=1 LUT6=1)

    Location             Delay type                Incr(ns)  Path(ns)    Netlist Resource(s)
  -------------------------------------------------------------------    -------------------
    SLICE_X109Y62        FDCE                         0.000     0.000 r  time_count_reg[0]/C
    SLICE_X109Y62        FDCE (Prop_fdce_C_Q)         0.141     0.141 f  time_count_reg[0]/Q
                         net (fo=3, routed)           0.231     0.372    time_count[0]
    SLICE_X109Y62        LUT6 (Prop_lut6_I0_O)        0.045     0.417 r  time_count[0]_i_1/O
                         net (fo=1, routed)           0.000     0.417    p_0_in[0]
    SLICE_X109Y62        FDCE                                         r  time_count_reg[0]/D
  -------------------------------------------------------------------    -------------------

Slack:                    inf
  Source:                 time_count_reg[22]/C
                            (rising edge-triggered cell FDCE)
  Destination:            time_count_reg[11]/D
  Path Group:             (none)
  Path Type:              Min at Fast Process Corner
  Data Path Delay:        0.437ns  (logic 0.186ns (42.555%)  route 0.251ns (57.445%))
  Logic Levels:           2  (FDCE=1 LUT6=1)

    Location             Delay type                Incr(ns)  Path(ns)    Netlist Resource(s)
  -------------------------------------------------------------------    -------------------
    SLICE_X109Y66        FDCE                         0.000     0.000 r  time_count_reg[22]/C
    SLICE_X109Y66        FDCE (Prop_fdce_C_Q)         0.141     0.141 f  time_count_reg[22]/Q
                         net (fo=25, routed)          0.251     0.392    time_count[22]
    SLICE_X109Y64        LUT6 (Prop_lut6_I5_O)        0.045     0.437 r  time_count[11]_i_1/O
                         net (fo=1, routed)           0.000     0.437    p_0_in[11]
    SLICE_X109Y64        FDCE                                         r  time_count_reg[11]/D
  -------------------------------------------------------------------    -------------------

Slack:                    inf
  Source:                 time_count_reg[22]/C
                            (rising edge-triggered cell FDCE)
  Destination:            time_count_reg[22]/D
  Path Group:             (none)
  Path Type:              Min at Fast Process Corner
  Data Path Delay:        0.453ns  (logic 0.186ns (41.017%)  route 0.267ns (58.983%))
  Logic Levels:           2  (FDCE=1 LUT6=1)

    Location             Delay type                Incr(ns)  Path(ns)    Netlist Resource(s)
  -------------------------------------------------------------------    -------------------
    SLICE_X109Y66        FDCE                         0.000     0.000 r  time_count_reg[22]/C
    SLICE_X109Y66        FDCE (Prop_fdce_C_Q)         0.141     0.141 f  time_count_reg[22]/Q
                         net (fo=25, routed)          0.267     0.408    time_count[22]
    SLICE_X109Y66        LUT6 (Prop_lut6_I5_O)        0.045     0.453 r  time_count[22]_i_1/O
                         net (fo=1, routed)           0.000     0.453    p_0_in[22]
    SLICE_X109Y66        FDCE                                         r  time_count_reg[22]/D
  -------------------------------------------------------------------    -------------------

Slack:                    inf
  Source:                 time_count_reg[22]/C
                            (rising edge-triggered cell FDCE)
  Destination:            time_count_reg[18]/D
  Path Group:             (none)
  Path Type:              Min at Fast Process Corner
  Data Path Delay:        0.461ns  (logic 0.186ns (40.309%)  route 0.275ns (59.691%))
  Logic Levels:           2  (FDCE=1 LUT6=1)

    Location             Delay type                Incr(ns)  Path(ns)    Netlist Resource(s)
  -------------------------------------------------------------------    -------------------
    SLICE_X109Y66        FDCE                         0.000     0.000 r  time_count_reg[22]/C
    SLICE_X109Y66        FDCE (Prop_fdce_C_Q)         0.141     0.141 f  time_count_reg[22]/Q
                         net (fo=25, routed)          0.275     0.416    time_count[22]
    SLICE_X109Y66        LUT6 (Prop_lut6_I5_O)        0.045     0.461 r  time_count[18]_i_1/O
                         net (fo=1, routed)           0.000     0.461    p_0_in[18]
    SLICE_X109Y66        FDCE                                         r  time_count_reg[18]/D
  -------------------------------------------------------------------    -------------------

Slack:                    inf
  Source:                 time_count_reg[22]/C
                            (rising edge-triggered cell FDCE)
  Destination:            time_count_reg[19]/D
  Path Group:             (none)
  Path Type:              Min at Fast Process Corner
  Data Path Delay:        0.463ns  (logic 0.186ns (40.135%)  route 0.277ns (59.865%))
  Logic Levels:           2  (FDCE=1 LUT6=1)

    Location             Delay type                Incr(ns)  Path(ns)    Netlist Resource(s)
  -------------------------------------------------------------------    -------------------
    SLICE_X109Y66        FDCE                         0.000     0.000 r  time_count_reg[22]/C
    SLICE_X109Y66        FDCE (Prop_fdce_C_Q)         0.141     0.141 f  time_count_reg[22]/Q
                         net (fo=25, routed)          0.277     0.418    time_count[22]
    SLICE_X109Y66        LUT6 (Prop_lut6_I5_O)        0.045     0.463 r  time_count[19]_i_1/O
                         net (fo=1, routed)           0.000     0.463    p_0_in[19]
    SLICE_X109Y66        FDCE                                         r  time_count_reg[19]/D
  -------------------------------------------------------------------    -------------------

Slack:                    inf
  Source:                 time_count_reg[22]/C
                            (rising edge-triggered cell FDCE)
  Destination:            time_count_reg[20]/D
  Path Group:             (none)
  Path Type:              Min at Fast Process Corner
  Data Path Delay:        0.464ns  (logic 0.186ns (40.126%)  route 0.278ns (59.874%))
  Logic Levels:           2  (FDCE=1 LUT6=1)

    Location             Delay type                Incr(ns)  Path(ns)    Netlist Resource(s)
  -------------------------------------------------------------------    -------------------
    SLICE_X109Y66        FDCE                         0.000     0.000 r  time_count_reg[22]/C
    SLICE_X109Y66        FDCE (Prop_fdce_C_Q)         0.141     0.141 f  time_count_reg[22]/Q
                         net (fo=25, routed)          0.278     0.419    time_count[22]
    SLICE_X111Y66        LUT6 (Prop_lut6_I5_O)        0.045     0.464 r  time_count[20]_i_1/O
                         net (fo=1, routed)           0.000     0.464    p_0_in[20]
    SLICE_X111Y66        FDCE                                         r  time_count_reg[20]/D
  -------------------------------------------------------------------    -------------------

Slack:                    inf
  Source:                 time_count_reg[14]/C
                            (rising edge-triggered cell FDCE)
  Destination:            time_count_reg[12]/D
  Path Group:             (none)
  Path Type:              Min at Fast Process Corner
  Data Path Delay:        0.501ns  (logic 0.231ns (46.095%)  route 0.270ns (53.905%))
  Logic Levels:           3  (FDCE=1 LUT6=2)

    Location             Delay type                Incr(ns)  Path(ns)    Netlist Resource(s)
  -------------------------------------------------------------------    -------------------
    SLICE_X109Y65        FDCE                         0.000     0.000 r  time_count_reg[14]/C
    SLICE_X109Y65        FDCE (Prop_fdce_C_Q)         0.141     0.141 f  time_count_reg[14]/Q
                         net (fo=3, routed)           0.118     0.259    time_count[14]
    SLICE_X109Y64        LUT6 (Prop_lut6_I2_O)        0.045     0.304 f  time_count[22]_i_6/O
                         net (fo=23, routed)          0.152     0.456    time_count[22]_i_6_n_0
    SLICE_X109Y64        LUT6 (Prop_lut6_I3_O)        0.045     0.501 r  time_count[12]_i_1/O
                         net (fo=1, routed)           0.000     0.501    p_0_in[12]
    SLICE_X109Y64        FDCE                                         r  time_count_reg[12]/D
  -------------------------------------------------------------------    -------------------

Slack:                    inf
  Source:                 time_count_reg[22]/C
                            (rising edge-triggered cell FDCE)
  Destination:            time_count_reg[8]/D
  Path Group:             (none)
  Path Type:              Min at Fast Process Corner
  Data Path Delay:        0.528ns  (logic 0.186ns (35.212%)  route 0.342ns (64.788%))
  Logic Levels:           2  (FDCE=1 LUT6=1)

    Location             Delay type                Incr(ns)  Path(ns)    Netlist Resource(s)
  -------------------------------------------------------------------    -------------------
    SLICE_X109Y66        FDCE                         0.000     0.000 r  time_count_reg[22]/C
    SLICE_X109Y66        FDCE (Prop_fdce_C_Q)         0.141     0.141 f  time_count_reg[22]/Q
                         net (fo=25, routed)          0.342     0.483    time_count[22]
    SLICE_X111Y63        LUT6 (Prop_lut6_I5_O)        0.045     0.528 r  time_count[8]_i_1/O
                         net (fo=1, routed)           0.000     0.528    p_0_in[8]
    SLICE_X111Y63        FDCE                                         r  time_count_reg[8]/D
  -------------------------------------------------------------------    -------------------





